// Jest Snapshot v1, https://goo.gl/fbAQLP

exports[`BioentityInformation with no data matches snapshot 1`] = `
<div
  className="row"
>
  <div
    className="small-12 columns"
  >
    <div
      className="text-center"
    >
      <img
        className="small-centered"
        src="resources/images/loading.gif"
      />
    </div>
    <table>
      <tbody />
    </table>
  </div>
</div>
`;
